Ventas para Noviembre:
[FURN_6666] Pantallas de bloque acústico
[FURN_0269] Silla de oficina negra
[FURN_6666] Pantallas de bloque acústico
[FURN_0269] Silla de oficina negra
[FURN_6666] Pantallas de bloque acústico
[FURN_0269] Silla de oficina negra
[FURN_6666] Pantallas de bloque acústico
[FURN_8999] Sofá de tres asientos
Sofá de tres plazas con tumbona en color gris acero
[FURN_6666] Acoustic Bloc Screens
[E-COM11] Cabinet with Doors
[FURN_6666] Acoustic Bloc Screens
[FURN_6666] Acoustic Bloc Screens
[E-COM11] Cabinet with Doors
[E-COM06] Corner Desk Right Sit
Diseño interior virtual
[FURN_8888] Lámpara de oficina
[FURN_6741] Gran mesa de reuniones
Mesa de la sala de conferencias
[FURN_7777] Silla de oficina
[FURN_0096] Escritorio personalizable (Acero, Blanco)
160x80cm, con patas grandes.
[FURN_6666] Pantallas de bloque acústico
[FURN_8888] Lámpara de oficina
[FURN_7777] Silla de oficina
[FURN_8855] Cajón
[FURN_0269] Silla de oficina negra
[FURN_8855] Cajón
[FURN_0269] Silla de oficina negra
[FURN_6666] Pantallas de bloque acústico
[FURN_0269] Silla de oficina negra
[FURN_0269] Silla de oficina negra
[FURN_6666] Pantallas de bloque acústico
[FURN_0269] Silla de oficina negra
[FURN_6666] Pantallas de bloque acústico
[FURN_0269] Silla de oficina negra
[FURN_6666] Pantallas de bloque acústico
[FURN_0269] Silla de oficina negra
